// Jest Snapshot v1, https://goo.gl/fbAQLP

exports[`data text it should render 1`] = `ShallowWrapper {}`;
