// Jest Snapshot v1, https://goo.gl/fbAQLP

exports[`useViewPort hook it should render 1`] = `ShallowWrapper {}`;
