// Jest Snapshot v1, https://goo.gl/fbAQLP

exports[`actionTypes hook it should render 1`] = `ShallowWrapper {}`;
