// Jest Snapshot v1, https://goo.gl/fbAQLP

exports[`Header component it should render a div 1`] = `ShallowWrapper {}`;
