// Jest Snapshot v1, https://goo.gl/fbAQLP

exports[`CommentsContainer component it should render a div 1`] = `ShallowWrapper {}`;
