// Jest Snapshot v1, https://goo.gl/fbAQLP

exports[`App component it should render 1`] = `ShallowWrapper {}`;
