// Jest Snapshot v1, https://goo.gl/fbAQLP

exports[`store text it should render a div 1`] = `ShallowWrapper {}`;
