// Jest Snapshot v1, https://goo.gl/fbAQLP

exports[`main component should match snap shot 1`] = `ShallowWrapper {}`;
