// Jest Snapshot v1, https://goo.gl/fbAQLP

exports[`Navbar component should match snap shot 1`] = `ShallowWrapper {}`;
