// Jest Snapshot v1, https://goo.gl/fbAQLP

exports[`social component should match snap shot 1`] = `ShallowWrapper {}`;
