// Jest Snapshot v1, https://goo.gl/fbAQLP

exports[`Navbar component it should render a div 1`] = `ShallowWrapper {}`;
