// Jest Snapshot v1, https://goo.gl/fbAQLP

exports[`propertyTexts text it should render 1`] = `ShallowWrapper {}`;
