// Jest Snapshot v1, https://goo.gl/fbAQLP

exports[`LikeAndDislike component it should render 1`] = `ShallowWrapper {}`;
