// Jest Snapshot v1, https://goo.gl/fbAQLP

exports[`texts text it should render 1`] = `ShallowWrapper {}`;
