// Jest Snapshot v1, https://goo.gl/fbAQLP

exports[`rootReducer component it should render 1`] = `ShallowWrapper {}`;
