// Jest Snapshot v1, https://goo.gl/fbAQLP

exports[`comments reducer component it should render 1`] = `ShallowWrapper {}`;
