// Jest Snapshot v1, https://goo.gl/fbAQLP

exports[`like reducer component it should render 1`] = `ShallowWrapper {}`;
