// Jest Snapshot v1, https://goo.gl/fbAQLP

exports[`cardTexts text it should render a div 1`] = `ShallowWrapper {}`;
