// Jest Snapshot v1, https://goo.gl/fbAQLP

exports[`Social component it should render a div 1`] = `ShallowWrapper {}`;
